******************************************************************************
               TMS320C6x Linker Unix v7.2.0                    
******************************************************************************
>> Linked Tue May  3 00:01:02 2011

OUTPUT FILE NAME:   <memtest.out>
ENTRY POINT SYMBOL: "_c_int00"  address: 00005720


MEMORY CONFIGURATION

         name            origin    length      used     unused   attr    fill
----------------------  --------  ---------  --------  --------  ----  --------
  RAM                   00000001   fffffffe  00006be6  ffff9418  RWIX


SECTION ALLOCATION MAP

 output                                  attributes/
section   page    origin      length       input sections
--------  ----  ----------  ----------   ----------------
.pinit     0    00000004    00000000     UNINITIALIZED

.data      0    00000008    00000000     UNINITIALIZED

.bss       0    00000008    00000000     UNINITIALIZED

.text      0    00000020    00005ce0     
                  00000020    00000680     rts6740.lib : divd.obj (.text:__divd)
                  000006a0    00000580                 : _printfi.obj (.text:__getarg_diouxp)
                  00000c20    00000480                 : _printfi.obj (.text:__setfield)
                  000010a0    00000440                 : _printfi.obj (.text:__printfi)
                  000014e0    00000300                 : fputs.obj (.text:_fputs)
                  000017e0    000002e0                 : _printfi.obj (.text:__pproc_fwp)
                  00001ac0    000002c0                 : _printfi.obj (.text:__pproc_fge)
                  00001d80    000002a0                 : _printfi.obj (.text:_ecvt)
                  00002020    000002a0                 : _printfi.obj (.text:_fcvt)
                  000022c0    00000280                 : memory.obj (.text:_free)
                  00002540    00000260                 : imath64.obj (.text:__divull)
                  000027a0    00000260                 : _printfi.obj (.text:__pconv_e)
                  00002a00    00000220                 : _printfi.obj (.text:__pproc_diouxp)
                  00002c20    00000220                 : _printfi.obj (.text:__pproc_str)
                  00002e40    00000200                 : _printfi.obj (.text:__pconv_g)
                  00003040    000001c0                 : _printfi.obj (.text:__mcpy)
                  00003200    000001a0                 : imath40.obj (.text:__divul)
                  000033a0    000001a0                 : setvbuf.obj (.text:_setvbuf)
                  00003540    00000180                 : trgdrv.obj (.text:_HOSTrename)
                  000036c0    00000180                 : frcmpyd_div.obj (.text:__frcmpyd_div)
                  00003840    00000180                 : memory.obj (.text:_malloc)
                  000039c0    00000140                 : _printfi.obj (.text:__pproc_fflags)
                  00003b00    00000140                 : fputc.obj (.text:_fputc)
                  00003c40    00000140                 : lowlev.obj (.text:_getdevice)
                  00003d80    00000120                 : fclose.obj (.text:_fclose)
                  00003ea0    00000100                 : trgdrv.obj (.text:_HOSTlseek)
                  00003fa0    00000100                 : autoinit.obj (.text:__auto_init)
                  000040a0    00000100                 : _printfi.obj (.text:__ltostr)
                  000041a0    00000100                 : _io_perm.obj (.text:__wrt_ok)
                  000042a0    000000e0                 : trgdrv.obj (.text:_HOSTopen)
                  00004380    000000e0                 : atoi.obj (.text:_atoi)
                  00004460    000000e0                 : lowlev.obj (.text:_close)
                  00004540    000000e0                 : exit.obj (.text:_exit)
                  00004620    000000e0                 : memset.obj (.text:_memset)
                  00004700    000000c0                 : trgdrv.obj (.text:_HOSTread)
                  000047c0    000000c0                 : trgdrv.obj (.text:_HOSTunlink)
                  00004880    000000c0                 : trgdrv.obj (.text:_HOSTwrite)
                  00004940    000000c0                 : fopen.obj (.text:__cleanup)
                  00004a00    000000c0                 : _printfi.obj (.text:__div)
                  00004ac0    000000c0                 : divu.obj (.text:__divu)
                  00004b80    000000c0                 : fflush.obj (.text:__doflush)
                  00004c40    000000c0                 : fseek.obj (.text:_fseek)
                  00004d00    000000c0                 : lowlev.obj (.text:_lseek)
                  00004dc0    000000c0                 : ltoa.obj (.text:_ltoa)
                  00004e80    000000c0                 : lowlev.obj (.text:_write)
                  00004f40    000000a0                 : trgdrv.obj (.text:_HOSTclose)
                  00004fe0    000000a0                 : imath40.obj (.text:__divli)
                  00005080    000000a0                 : _printfi.obj (.text:__ecpy)
                  00005120    000000a0                 : _printfi.obj (.text:__fcpy)
                  000051c0    000000a0                 : fixdli.obj (.text:__fixdli)
                  00005260    000000a0                 : _printfi.obj (.text:__pconv_f)
                  00005300    000000a0                 : cpy_tbl.obj (.text:_copy_in)
                  000053a0    000000a0                 : lowlev.obj (.text:_finddevice)
                  00005440    000000a0                 : memcpy64.obj (.text:_memcpy)
                  000054e0    000000a0                 : memory.obj (.text:_minsert)
                  00005580    000000a0                 : memory.obj (.text:_mremove)
                  00005620    00000080                 : fltlid.obj (.text:__fltlid)
                  000056a0    00000080                 : llshift.obj (.text:__llshl)
                  00005720    00000080                 : boot.obj (.text:_c_int00)
                  000057a0    00000080                 : fprintf.obj (.text:_fprintf)
                  00005820    00000080                 : trgmsg.obj (.text:_readmsg)
                  000058a0    00000080                 : lowlev.obj (.text:_unlink)
                  00005920    00000080     main.obj (.text)
                  000059a0    00000060     rts6740.lib : imath64.obj (.text:__subcull)
                  00005a00    00000060                 : memccpy.obj (.text:_memccpy)
                  00005a60    00000060                 : trgmsg.obj (.text:_writemsg)
                  00005ac0    00000040                 : isinf.obj (.text:___isinf)
                  00005b00    00000040                 : _printfi.obj (.text:___isnan)
                  00005b40    00000040                 : divd.obj (.text:___isnan)
                  00005b80    00000040                 : args_main.obj (.text:__args_main)
                  00005bc0    00000040                 : llshift.obj (.text:__llshru)
                  00005c00    00000040                 : imath40.obj (.text:__remli)
                  00005c40    00000020                 : negll.obj (.text:__negll)
                  00005c60    00000020                 : _lock.obj (.text:__nop)
                  00005c80    00000020                 : fprintf.obj (.text:__outc)
                  00005ca0    00000020                 : fprintf.obj (.text:__outs)
                  00005cc0    00000020                 : exit.obj (.text:_abort)
                  00005ce0    00000020                 : remove.obj (.text:_remove)

.stack     0    00005d00    00000400     UNINITIALIZED
                  00005d00    00000008     rts6740.lib : boot.obj (.stack)
                  00005d08    000003f8     --HOLE--

.sysmem    0    00006100    00000400     UNINITIALIZED
                  00006100    00000008     rts6740.lib : memory.obj (.sysmem)
                  00006108    000003f8     --HOLE--

.far       0    00006500    00000350     UNINITIALIZED
                  00006500    00000194     rts6740.lib : defs.obj (.far)
                  00006694    00000004                 : fopen.obj (.far)
                  00006698    000000d0                 : trgdrv.obj (.far)
                  00006768    000000cc                 : lowlev.obj (.far)
                  00006834    0000000c                 : exit.obj (.far)
                  00006840    00000008                 : _lock.obj (.far)
                  00006848    00000008                 : memory.obj (.far)

.cinit     0    00006850    00000154     
                  00006850    0000005c     rts6740.lib : defs.obj (.cinit)
                  000068ac    00000004     --HOLE-- [fill = 0]
                  000068b0    0000005c                 : lowlev.obj (.cinit)
                  0000690c    00000004     --HOLE-- [fill = 0]
                  00006910    0000002c                 : exit.obj (.cinit)
                  0000693c    00000004     --HOLE-- [fill = 0]
                  00006940    0000002c                 : memory.obj (.cinit)
                  0000696c    00000004     --HOLE-- [fill = 0]
                  00006970    0000001c                 : _lock.obj (.cinit)
                  0000698c    00000004     --HOLE-- [fill = 0]
                  00006990    0000000c                 : fopen.obj (.cinit)
                  0000699c    00000004     --HOLE-- [fill = 0]
                  000069a0    00000004     (.pad.cinit) [fill = 0]

.const     0    000069a8    00000142     
                  000069a8    00000101     rts6740.lib : ctype.obj (.const:__ctypes_)
                  00006aa9    00000023                 : _printfi.obj (.const:.string)
                  00006acc    00000014     main.obj (.const:.string)
                  00006ae0    00000008     rts6740.lib : divd.obj (.const:_initial_approx$1)
                  00006ae8    00000002                 : fputs.obj (.const:.string)

.cio       0    00006af0    00000120     UNINITIALIZED
                  00006af0    00000120     rts6740.lib : trgmsg.obj (.cio)


GLOBAL SYMBOLS: SORTED ALPHABETICALLY BY Name 

address    name
--------   ----
00000008   $bss
00000008   .bss
00000008   .data
00000020   .text
00005cc0   C$$EXIT
00005ab8   C$$IO$$
00004f40   _HOSTclose
00003ea0   _HOSTlseek
000042a0   _HOSTopen
00004700   _HOSTread
00003540   _HOSTrename
000047c0   _HOSTunlink
00004880   _HOSTwrite
00006af0   __CIOBUF_
00006100   __STACK_END
00000400   __STACK_SIZE
00000400   __SYSMEM_SIZE
00000001   __TI_args_main
0000683c   ___TI_enable_exit_profile_output
ffffffff   ___TI_pprof_out_hndl
ffffffff   ___TI_prof_data_size
ffffffff   ___TI_prof_data_start
ffffffff   ___binit__
00000008   ___bss__
ffffffff   ___c_args__
00006850   ___cinit__
00000008   ___data__
00000008   ___edata__
00000008   ___end__
00005d00   ___etext__
00005ac0   ___isinf
ffffffff   ___pinit__
00000020   ___text__
00005b80   __args_main
00003fa0   __auto_init
00004ac0   __c6xabi_divu
00004940   __cleanup
00006834   __cleanup_ptr
000069a8   __ctypes_
00000020   __divd
00004fe0   __divli
00004ac0   __divu
00003200   __divul
00002540   __divull
00004b80   __doflush
00006838   __dtors_ptr
000051c0   __fixdli
00005620   __fltlid
000036c0   __frcmpyd_div
00006690   __ft_end
00006500   __ftable
000056a0   __llshl
00005bc0   __llshru
00006840   __lock
00005c40   __negll
00005c60   __nop
000010a0   __printfi
00005c00   __remli
00005d00   __stack
000059a0   __subcull
00006100   __sys_memory
000065f0   __tmpnams
00006844   __unlock
000041a0   __wrt_ok
00005cc0   _abort
00004380   _atoi
00005720   _c_int00
00004460   _close
00005300   _copy_in
00004540   _exit
00003d80   _fclose
000057a0   _fprintf
00003b00   _fputc
000014e0   _fputs
000022c0   _free
00004c40   _fseek
00004d00   _lseek
00004dc0   _ltoa
00005920   _main
00003840   _malloc
00005a00   _memccpy
00005440   _memcpy
00004620   _memset
00003b00   _putc
00005820   _readmsg
00005ce0   _remove
000033a0   _setvbuf
000058a0   _unlink
00004e80   _write
00005a60   _writemsg
ffffffff   binit
00006850   cinit
00000008   edata
00000008   end
00005d00   etext
ffffffff   pinit


GLOBAL SYMBOLS: SORTED BY Symbol Address 

address    name
--------   ----
00000001   __TI_args_main
00000008   $bss
00000008   .bss
00000008   .data
00000008   ___bss__
00000008   ___data__
00000008   ___edata__
00000008   ___end__
00000008   edata
00000008   end
00000020   .text
00000020   ___text__
00000020   __divd
00000400   __STACK_SIZE
00000400   __SYSMEM_SIZE
000010a0   __printfi
000014e0   _fputs
000022c0   _free
00002540   __divull
00003200   __divul
000033a0   _setvbuf
00003540   _HOSTrename
000036c0   __frcmpyd_div
00003840   _malloc
00003b00   _fputc
00003b00   _putc
00003d80   _fclose
00003ea0   _HOSTlseek
00003fa0   __auto_init
000041a0   __wrt_ok
000042a0   _HOSTopen
00004380   _atoi
00004460   _close
00004540   _exit
00004620   _memset
00004700   _HOSTread
000047c0   _HOSTunlink
00004880   _HOSTwrite
00004940   __cleanup
00004ac0   __c6xabi_divu
00004ac0   __divu
00004b80   __doflush
00004c40   _fseek
00004d00   _lseek
00004dc0   _ltoa
00004e80   _write
00004f40   _HOSTclose
00004fe0   __divli
000051c0   __fixdli
00005300   _copy_in
00005440   _memcpy
00005620   __fltlid
000056a0   __llshl
00005720   _c_int00
000057a0   _fprintf
00005820   _readmsg
000058a0   _unlink
00005920   _main
000059a0   __subcull
00005a00   _memccpy
00005a60   _writemsg
00005ab8   C$$IO$$
00005ac0   ___isinf
00005b80   __args_main
00005bc0   __llshru
00005c00   __remli
00005c40   __negll
00005c60   __nop
00005cc0   C$$EXIT
00005cc0   _abort
00005ce0   _remove
00005d00   ___etext__
00005d00   __stack
00005d00   etext
00006100   __STACK_END
00006100   __sys_memory
00006500   __ftable
000065f0   __tmpnams
00006690   __ft_end
00006834   __cleanup_ptr
00006838   __dtors_ptr
0000683c   ___TI_enable_exit_profile_output
00006840   __lock
00006844   __unlock
00006850   ___cinit__
00006850   cinit
000069a8   __ctypes_
00006af0   __CIOBUF_
ffffffff   ___TI_pprof_out_hndl
ffffffff   ___TI_prof_data_size
ffffffff   ___TI_prof_data_start
ffffffff   ___binit__
ffffffff   ___c_args__
ffffffff   ___pinit__
ffffffff   binit
ffffffff   pinit

[96 symbols]
